../Core/Src/main.c:63:5:_write	24	static
../Core/Src/main.c:77:6:counterShow	8	static
../Core/Src/main.c:87:6:CounterUpdate	4	static
../Core/Src/main.c:92:9:sensorDetected	16	static
../Core/Src/main.c:109:5:main	16	static
../Core/Src/main.c:189:6:SystemClock_Config	88	static
../Core/Src/main.c:235:13:MX_I2C1_Init	8	static
../Core/Src/main.c:269:13:MX_I2S3_Init	8	static
../Core/Src/main.c:303:13:MX_SPI1_Init	8	static
../Core/Src/main.c:341:13:MX_GPIO_Init	56	static
../Core/Src/main.c:480:6:Error_Handler	4	static,ignoring_inline_asm
