../Core/Src/main.c:63:5:_write	24	static
../Core/Src/main.c:80:6:counterShow	8	static
../Core/Src/main.c:90:6:CounterUpdate	4	static
../Core/Src/main.c:94:6:CounterZero	4	static
../Core/Src/main.c:98:9:sensorDetected	16	static
../Core/Src/main.c:110:9:resetDetected	16	static
../Core/Src/main.c:128:5:main	16	static
../Core/Src/main.c:214:6:SystemClock_Config	88	static
../Core/Src/main.c:260:13:MX_I2C1_Init	8	static
../Core/Src/main.c:294:13:MX_I2S3_Init	8	static
../Core/Src/main.c:328:13:MX_SPI1_Init	8	static
../Core/Src/main.c:366:13:MX_GPIO_Init	56	static
../Core/Src/main.c:505:6:Error_Handler	4	static,ignoring_inline_asm
