13:47:44 **** Incremental Build of configuration Debug for project F4Disc-p05b-SEOS-Statetime-doorlock ****
make -j16 all 
arm-none-eabi-gcc "../Core/Src/task.c" -mcpu=cortex-m4 -std=gnu11 -g3 -DDEBUG -DUSE_HAL_DRIVER -DSTM32F407xx -c -I../Core/Inc -I../Drivers/STM32F4xx_HAL_Driver/Inc -I../Drivers/STM32F4xx_HAL_Driver/Inc/Legacy -I../Drivers/CMSIS/Device/ST/STM32F4xx/Include -I../Drivers/CMSIS/Include -I../USB_DEVICE/App -I../USB_DEVICE/Target -I../Middlewares/ST/STM32_USB_Device_Library/Core/Inc -I../Middlewares/ST/STM32_USB_Device_Library/Class/CDC/Inc -O0 -ffunction-sections -fdata-sections -Wall -fstack-usage -fcyclomatic-complexity -MMD -MP -MF"Core/Src/task.d" -MT"Core/Src/task.o" --specs=nano.specs -mfpu=fpv4-sp-d16 -mfloat-abi=hard -mthumb -o "Core/Src/task.o"
arm-none-eabi-gcc -o "F4Disc-p05b-SEOS-Statetime-doorlock.elf" @"objects.list"   -mcpu=cortex-m4 -T"/home/hendri/MyWorkspace/workspaceAC6-F407/F4Disc-p05b-SEOS-Statetime-doorlock/STM32F407VGTX_FLASH.ld" --specs=nosys.specs -Wl,-Map="F4Disc-p05b-SEOS-Statetime-doorlock.map" -Wl,--gc-sections -static --specs=nano.specs -mfpu=fpv4-sp-d16 -mfloat-abi=hard -mthumb -Wl,--start-group -lc -lm -Wl,--end-group
Finished building target: F4Disc-p05b-SEOS-Statetime-doorlock.elf
 
arm-none-eabi-size   F4Disc-p05b-SEOS-Statetime-doorlock.elf 
arm-none-eabi-objdump -h -S  F4Disc-p05b-SEOS-Statetime-doorlock.elf  > "F4Disc-p05b-SEOS-Statetime-doorlock.list"
   text	   data	    bss	    dec	    hex	filename
  42336	    356	   9420	  52112	   cb90	F4Disc-p05b-SEOS-Statetime-doorlock.elf
Finished building: default.size.stdout
 
Finished building: F4Disc-p05b-SEOS-Statetime-doorlock.list
 

13:47:45 Build Finished. 0 errors, 0 warnings. (took 884ms)

